Mutation_type,Number_of_mutations
CA,166
CG,242
CT,896
TA,56
TC,503
TG,158
