Substitution,Number_of_mutations
CA,59
CG,86
CT,318
TA,38
TC,341
TG,107
