Substitution rate (mu): 1.0

Equilibrium frequencies (pi_i):
  A: 0.2112
  C: 0.2832
  G: 0.3003
  T: 0.1953
  -: 0.01

Symmetrized rates from j->i (W_ij):
	A	C	G	T	-
  A	0	0.7055	2.7166	0.4408	0.8715
  C	0.7055	0	0.6391	2.9319	0.7856
  G	2.7166	0.6391	0	0.712	0.7683
  T	0.4408	2.9319	0.712	0	0.8923
  -	0.8715	0.7856	0.7683	0.8923	0

Actual rates from j->i (Q_ij):
	A	C	G	T	-
  A	0	0.149	0.5737	0.0931	0.1841
  C	0.1998	0	0.181	0.8304	0.2225
  G	0.8158	0.1919	0	0.2138	0.2307
  T	0.0861	0.5727	0.1391	0	0.1743
  -	0.0087	0.0078	0.0076	0.0089	0

